<?xml version="1.0" encoding="UTF-8"?>
<testsuites name="Mocha Tests" time="0.444" tests="3" failures="1">
  <testsuite name="Root Suite" timestamp="2025-05-25T13:28:59" tests="0" time="0.000" failures="0">
  </testsuite>
  <testsuite name="Bear Model Unit Tests" timestamp="2025-05-25T13:28:59" tests="2" file="C:\Users\shwet\OneDrive\Documents\GitHub\node-api\test\unit\bearModel.test.js" time="0.319" failures="0">
    <testcase name="Bear Model Unit Tests should be invalid if name is empty" time="0.008" classname="should be invalid if name is empty">
    </testcase>
    <testcase name="Bear Model Unit Tests should save a bear with valid name" time="0.205" classname="should save a bear with valid name">
    </testcase>
  </testsuite>
  <testsuite name="Bear API Integration Tests" timestamp="2025-05-25T13:29:00" tests="1" file="C:\Users\shwet\OneDrive\Documents\GitHub\node-api\test\integration\bearRoutes.test.js" time="0.117" failures="1">
    <testcase name="Bear API Integration Tests GET /api/bears should get all bears" time="0.114" classname="GET /api/bears should get all bears">
      <failure message="expected 200 &quot;OK&quot;, got 500 &quot;Internal Server Error&quot;" type="Error"><![CDATA[Error: expected 200 "OK", got 500 "Internal Server Error"
    at Context.<anonymous> (test\integration\bearRoutes.test.js:29:8)
    at process.processImmediate (node:internal/timers:485:21)
----
    at Test._assertStatus (node_modules\supertest\lib\test.js:267:14)
    at C:\Users\shwet\OneDrive\Documents\GitHub\node-api\node_modules\supertest\lib\test.js:323:13
    at Test._assertFunction (node_modules\supertest\lib\test.js:300:13)
    at Test.assert (node_modules\supertest\lib\test.js:179:23)
    at Server.localAssert (node_modules\supertest\lib\test.js:135:14)
    at Object.onceWrapper (node:events:632:28)
    at Server.emit (node:events:518:28)
    at Server.wrappedEmit [as emit] (node_modules\newrelic\lib\instrumentation\core\http.js:476:21)
    at emitCloseNT (node:net:2418:8)
    at process.processTicksAndRejections (node:internal/process/task_queues:89:21)]]></failure>
    </testcase>
  </testsuite>
</testsuites>